[OK][factory_manager] Process_manager with id 10 has been created.
[OK][factory_manager] Process_manager with id 20 has been created.
[OK][process_manager] Process_manager with id 20 waiting to produce 10 elements.
[OK][process_manager] Process_manager with id 10 waiting to produce 50 elements.
[OK][process_manager] Belt with id 10 has been created with a maximum of 20 elements.
[OK][process_manager] Belt with id 20 has been created with a maximum of 15 elements.
[OK][queue] Introduced element with id 0 in belt 10.
[OK][queue] Introduced element with id 1 in belt 10.
[OK][queue] Introduced element with id 2 in belt 10.
[OK][queue] Introduced element with id 3 in belt 10.
[OK][queue] Introduced element with id 4 in belt 10.
[OK][queue] Introduced element with id 5 in belt 10.
[OK][queue] Introduced element with id 6 in belt 10.
[OK][queue] Introduced element with id 7 in belt 10.
[OK][queue] Introduced element with id 8 in belt 10.
[OK][queue] Introduced element with id 9 in belt 10.
[OK][queue] Introduced element with id 10 in belt 10.
[OK][queue] Introduced element with id 11 in belt 10.
[OK][queue] Introduced element with id 12 in belt 10.
[OK][queue] Introduced element with id 13 in belt 10.
[OK][queue] Introduced element with id 14 in belt 10.
[OK][queue] Introduced element with id 15 in belt 10.
[OK][queue] Introduced element with id 16 in belt 10.
[OK][queue] Introduced element with id 17 in belt 10.
[OK][queue] Introduced element with id 18 in belt 10.
[OK][queue] Introduced element with id 19 in belt 10.
[OK][queue] Introduced element with id 0 in belt 20.
[OK][queue] Introduced element with id 1 in belt 20.
[OK][queue] Introduced element with id 2 in belt 20.
[OK][queue] Introduced element with id 3 in belt 20.
[OK][queue] Introduced element with id 4 in belt 20.
[OK][queue] Introduced element with id 5 in belt 20.
[OK][queue] Introduced element with id 6 in belt 20.
[OK][queue] Introduced element with id 7 in belt 20.
[OK][queue] Introduced element with id 8 in belt 20.
[OK][queue] Introduced element with id 9 in belt 20.
[OK][queue] Obtained element with id 0 in belt 20.
[OK][queue] Obtained element with id 1 in belt 20.
[OK][queue] Obtained element with id 2 in belt 20.
[OK][queue] Obtained element with id 3 in belt 20.
[OK][queue] Obtained element with id 4 in belt 20.
[OK][queue] Obtained element with id 5 in belt 20.
[OK][queue] Obtained element with id 6 in belt 20.
[OK][queue] Obtained element with id 7 in belt 20.
[OK][queue] Obtained element with id 8 in belt 20.
[OK][queue] Obtained element with id 9 in belt 20.
[OK][process_manager] Process_manager with id 20 has produced 10 elements.
[OK][queue] Obtained element with id 0 in belt 10.
[OK][queue] Obtained element with id 1 in belt 10.
[OK][queue] Obtained element with id 2 in belt 10.
[OK][queue] Obtained element with id 3 in belt 10.
[OK][queue] Obtained element with id 4 in belt 10.
[OK][queue] Obtained element with id 5 in belt 10.
[OK][queue] Obtained element with id 6 in belt 10.
[OK][queue] Obtained element with id 7 in belt 10.
[OK][queue] Introduced element with id 20 in belt 10.
[OK][queue] Introduced element with id 21 in belt 10.
[OK][queue] Introduced element with id 22 in belt 10.
[OK][queue] Introduced element with id 23 in belt 10.
[OK][queue] Introduced element with id 24 in belt 10.
[OK][queue] Introduced element with id 25 in belt 10.
[OK][queue] Introduced element with id 26 in belt 10.
[OK][queue] Obtained element with id 8 in belt 10.
[OK][queue] Obtained element with id 9 in belt 10.
[OK][queue] Obtained element with id 10 in belt 10.
[OK][queue] Obtained element with id 11 in belt 10.
[OK][queue] Introduced element with id 27 in belt 10.
[OK][queue] Introduced element with id 28 in belt 10.
[OK][queue] Introduced element with id 29 in belt 10.
[OK][queue] Introduced element with id 30 in belt 10.
[OK][queue] Obtained element with id 12 in belt 10.
[OK][queue] Obtained element with id 13 in belt 10.
[OK][queue] Obtained element with id 14 in belt 10.
[OK][queue] Obtained element with id 15 in belt 10.
[OK][queue] Introduced element with id 31 in belt 10.
[OK][queue] Introduced element with id 32 in belt 10.
[OK][queue] Introduced element with id 33 in belt 10.
[OK][queue] Introduced element with id 34 in belt 10.
[OK][queue] Introduced element with id 35 in belt 10.
[OK][queue] Obtained element with id 16 in belt 10.
[OK][queue] Obtained element with id 17 in belt 10.
[OK][queue] Obtained element with id 18 in belt 10.
[OK][queue] Obtained element with id 19 in belt 10.
[OK][queue] Introduced element with id 36 in belt 10.
[OK][queue] Introduced element with id 37 in belt 10.
[OK][queue] Introduced element with id 38 in belt 10.
[OK][queue] Introduced element with id 39 in belt 10.
[OK][queue] Obtained element with id 20 in belt 10.
[OK][queue] Obtained element with id 21 in belt 10.
[OK][queue] Obtained element with id 22 in belt 10.
[OK][queue] Obtained element with id 23 in belt 10.
[OK][queue] Obtained element with id 24 in belt 10.
[OK][queue] Introduced element with id 40 in belt 10.
[OK][queue] Introduced element with id 41 in belt 10.
[OK][queue] Introduced element with id 42 in belt 10.
[OK][queue] Introduced element with id 43 in belt 10.
[OK][queue] Obtained element with id 25 in belt 10.
[OK][queue] Obtained element with id 26 in belt 10.
[OK][queue] Obtained element with id 27 in belt 10.
[OK][queue] Obtained element with id 28 in belt 10.
[OK][queue] Obtained element with id 29 in belt 10.
[OK][queue] Introduced element with id 44 in belt 10.
[OK][queue] Introduced element with id 45 in belt 10.
[OK][queue] Introduced element with id 46 in belt 10.
[OK][queue] Introduced element with id 47 in belt 10.
[OK][queue] Obtained element with id 30 in belt 10.
[OK][queue] Obtained element with id 31 in belt 10.
[OK][queue] Obtained element with id 32 in belt 10.
[OK][queue] Obtained element with id 33 in belt 10.
[OK][queue] Obtained element with id 34 in belt 10.
[OK][queue] Introduced element with id 48 in belt 10.
[OK][queue] Introduced element with id 49 in belt 10.
[OK][queue] Obtained element with id 35 in belt 10.
[OK][queue] Obtained element with id 36 in belt 10.
[OK][queue] Obtained element with id 37 in belt 10.
[OK][queue] Obtained element with id 38 in belt 10.
[OK][queue] Obtained element with id 39 in belt 10.
[OK][queue] Obtained element with id 40 in belt 10.
[OK][queue] Obtained element with id 41 in belt 10.
[OK][queue] Obtained element with id 42 in belt 10.
[OK][queue] Obtained element with id 43 in belt 10.
[OK][queue] Obtained element with id 44 in belt 10.
[OK][queue] Obtained element with id 45 in belt 10.
[OK][queue] Obtained element with id 46 in belt 10.
[OK][queue] Obtained element with id 47 in belt 10.
[OK][queue] Obtained element with id 48 in belt 10.
[OK][queue] Obtained element with id 49 in belt 10.
[OK][process_manager] Process_manager with id 10 has produced 50 elements.
[OK][factory_manager] Process_manager with id 10 has finished.
[OK][factory_manager] Process_manager with id 20 has finished.
[OK][factory_manager] Finishing.
